Archive member included to satisfy reference by file (symbol)

D:/ST/STM32CubeIDE_1.19.0/STM32CubeIDE/plugins/com.st.stm32cube.ide.mcu.externaltools.gnu-tools-for-stm32.13.3.rel1.win32_1.0.0.202411081344/tools/bin/../lib/gcc/arm-none-eabi/13.3.1/../../../../arm-none-eabi/lib/thumb/v7e-m+fp/hard\libc_nano.a(libc_a-exit.o)
                              D:/ST/STM32CubeIDE_1.19.0/STM32CubeIDE/plugins/com.st.stm32cube.ide.mcu.externaltools.gnu-tools-for-stm32.13.3.rel1.win32_1.0.0.202411081344/tools/bin/../lib/gcc/arm-none-eabi/13.3.1/../../../../arm-none-eabi/lib/thumb/v7e-m+fp/hard/crt0.o (exit)
D:/ST/STM32CubeIDE_1.19.0/STM32CubeIDE/plugins/com.st.stm32cube.ide.mcu.externaltools.gnu-tools-for-stm32.13.3.rel1.win32_1.0.0.202411081344/tools/bin/../lib/gcc/arm-none-eabi/13.3.1/../../../../arm-none-eabi/lib/thumb/v7e-m+fp/hard\libc_nano.a(libc_a-findfp.o)
                              D:/ST/STM32CubeIDE_1.19.0/STM32CubeIDE/plugins/com.st.stm32cube.ide.mcu.externaltools.gnu-tools-for-stm32.13.3.rel1.win32_1.0.0.202411081344/tools/bin/../lib/gcc/arm-none-eabi/13.3.1/../../../../arm-none-eabi/lib/thumb/v7e-m+fp/hard\libc_nano.a(libc_a-exit.o) (__stdio_exit_handler)
D:/ST/STM32CubeIDE_1.19.0/STM32CubeIDE/plugins/com.st.stm32cube.ide.mcu.externaltools.gnu-tools-for-stm32.13.3.rel1.win32_1.0.0.202411081344/tools/bin/../lib/gcc/arm-none-eabi/13.3.1/../../../../arm-none-eabi/lib/thumb/v7e-m+fp/hard\libc_nano.a(libc_a-fwalk.o)
                              D:/ST/STM32CubeIDE_1.19.0/STM32CubeIDE/plugins/com.st.stm32cube.ide.mcu.externaltools.gnu-tools-for-stm32.13.3.rel1.win32_1.0.0.202411081344/tools/bin/../lib/gcc/arm-none-eabi/13.3.1/../../../../arm-none-eabi/lib/thumb/v7e-m+fp/hard\libc_nano.a(libc_a-findfp.o) (_fwalk_sglue)
D:/ST/STM32CubeIDE_1.19.0/STM32CubeIDE/plugins/com.st.stm32cube.ide.mcu.externaltools.gnu-tools-for-stm32.13.3.rel1.win32_1.0.0.202411081344/tools/bin/../lib/gcc/arm-none-eabi/13.3.1/../../../../arm-none-eabi/lib/thumb/v7e-m+fp/hard\libc_nano.a(libc_a-stdio.o)
                              D:/ST/STM32CubeIDE_1.19.0/STM32CubeIDE/plugins/com.st.stm32cube.ide.mcu.externaltools.gnu-tools-for-stm32.13.3.rel1.win32_1.0.0.202411081344/tools/bin/../lib/gcc/arm-none-eabi/13.3.1/../../../../arm-none-eabi/lib/thumb/v7e-m+fp/hard\libc_nano.a(libc_a-findfp.o) (__sread)
D:/ST/STM32CubeIDE_1.19.0/STM32CubeIDE/plugins/com.st.stm32cube.ide.mcu.externaltools.gnu-tools-for-stm32.13.3.rel1.win32_1.0.0.202411081344/tools/bin/../lib/gcc/arm-none-eabi/13.3.1/../../../../arm-none-eabi/lib/thumb/v7e-m+fp/hard\libc_nano.a(libc_a-memset.o)
                              D:/ST/STM32CubeIDE_1.19.0/STM32CubeIDE/plugins/com.st.stm32cube.ide.mcu.externaltools.gnu-tools-for-stm32.13.3.rel1.win32_1.0.0.202411081344/tools/bin/../lib/gcc/arm-none-eabi/13.3.1/../../../../arm-none-eabi/lib/thumb/v7e-m+fp/hard/crt0.o (memset)
D:/ST/STM32CubeIDE_1.19.0/STM32CubeIDE/plugins/com.st.stm32cube.ide.mcu.externaltools.gnu-tools-for-stm32.13.3.rel1.win32_1.0.0.202411081344/tools/bin/../lib/gcc/arm-none-eabi/13.3.1/../../../../arm-none-eabi/lib/thumb/v7e-m+fp/hard\libc_nano.a(libc_a-closer.o)
                              D:/ST/STM32CubeIDE_1.19.0/STM32CubeIDE/plugins/com.st.stm32cube.ide.mcu.externaltools.gnu-tools-for-stm32.13.3.rel1.win32_1.0.0.202411081344/tools/bin/../lib/gcc/arm-none-eabi/13.3.1/../../../../arm-none-eabi/lib/thumb/v7e-m+fp/hard\libc_nano.a(libc_a-stdio.o) (_close_r)
D:/ST/STM32CubeIDE_1.19.0/STM32CubeIDE/plugins/com.st.stm32cube.ide.mcu.externaltools.gnu-tools-for-stm32.13.3.rel1.win32_1.0.0.202411081344/tools/bin/../lib/gcc/arm-none-eabi/13.3.1/../../../../arm-none-eabi/lib/thumb/v7e-m+fp/hard\libc_nano.a(libc_a-reent.o)
                              D:/ST/STM32CubeIDE_1.19.0/STM32CubeIDE/plugins/com.st.stm32cube.ide.mcu.externaltools.gnu-tools-for-stm32.13.3.rel1.win32_1.0.0.202411081344/tools/bin/../lib/gcc/arm-none-eabi/13.3.1/../../../../arm-none-eabi/lib/thumb/v7e-m+fp/hard\libc_nano.a(libc_a-closer.o) (errno)
D:/ST/STM32CubeIDE_1.19.0/STM32CubeIDE/plugins/com.st.stm32cube.ide.mcu.externaltools.gnu-tools-for-stm32.13.3.rel1.win32_1.0.0.202411081344/tools/bin/../lib/gcc/arm-none-eabi/13.3.1/../../../../arm-none-eabi/lib/thumb/v7e-m+fp/hard\libc_nano.a(libc_a-impure.o)
                              D:/ST/STM32CubeIDE_1.19.0/STM32CubeIDE/plugins/com.st.stm32cube.ide.mcu.externaltools.gnu-tools-for-stm32.13.3.rel1.win32_1.0.0.202411081344/tools/bin/../lib/gcc/arm-none-eabi/13.3.1/../../../../arm-none-eabi/lib/thumb/v7e-m+fp/hard\libc_nano.a(libc_a-reent.o) (_impure_ptr)
D:/ST/STM32CubeIDE_1.19.0/STM32CubeIDE/plugins/com.st.stm32cube.ide.mcu.externaltools.gnu-tools-for-stm32.13.3.rel1.win32_1.0.0.202411081344/tools/bin/../lib/gcc/arm-none-eabi/13.3.1/../../../../arm-none-eabi/lib/thumb/v7e-m+fp/hard\libc_nano.a(libc_a-lseekr.o)
[...]
Memory Configuration

Name             Origin             Length             Attributes
CCMRAM           0x10000000         0x00010000         xrw
RAM              0x20000000         0x00020000         xrw
FLASH            0x08000000         0x00100000         xr
*default*        0x00000000         0xffffffff

Linker script and memory map

LOAD D:/ST/STM32CubeIDE_1.19.0/STM32CubeIDE/plugins/com.st.stm32cube.ide.mcu.externaltools.gnu-tools-for-stm32.13.3.rel1.win32_1.0.0.202411081344/tools/bin/../lib/gcc/arm-none-eabi/13.3.1/thumb/v7e-m+fp/hard/crti.o
LOAD D:/ST/STM32CubeIDE_1.19.0/STM32CubeIDE/plugins/com.st.stm32cube.ide.mcu.externaltools.gnu-tools-for-stm32.13.3.rel1.win32_1.0.0.202411081344/tools/bin/../lib/gcc/arm-none-eabi/13.3.1/thumb/v7e-m+fp/hard/crtbegin.o
LOAD D:/ST/STM32CubeIDE_1.19.0/STM32CubeIDE/plugins/com.st.stm32cube.ide.mcu.externaltools.gnu-tools-for-stm32.13.3.rel1.win32_1.0.0.202411081344/tools/bin/../lib/gcc/arm-none-eabi/13.3.1/../../../../arm-none-eabi/lib/thumb/v7e-m+fp/hard/crt0.o
LOAD ./Application/User/Core/gpio.o
LOAD ./Application/User/Core/main.o
LOAD ./Application/User/Core/stm32f4xx_it.o
LOAD ./Application/User/Core/syscalls.o
LOAD ./Application/User/Core/sysmem.o
LOAD ./Application/User/Core/usart.o
LOAD ./Application/User/Startup/startup_stm32f405rgtx.o
LOAD ./Drivers/CMSIS/system_stm32f4xx.o
LOAD ./Drivers/STM32F4xx_HAL_Driver/stm32f4xx_ll_dma.o
LOAD ./Drivers/STM32F4xx_HAL_Driver/stm32f4xx_ll_exti.o
LOAD ./Drivers/STM32F4xx_HAL_Driver/stm32f4xx_ll_gpio.o
LOAD ./Drivers/STM32F4xx_HAL_Driver/stm32f4xx_ll_rcc.o
LOAD ./Drivers/STM32F4xx_HAL_Driver/stm32f4xx_ll_usart.o
LOAD ./Drivers/STM32F4xx_HAL_Driver/stm32f4xx_ll_utils.o
START GROUP
LOAD D:/ST/STM32CubeIDE_1.19.0/STM32CubeIDE/plugins/com.st.stm32cube.ide.mcu.externaltools.gnu-tools-for-stm32.13.3.rel1.win32_1.0.0.202411081344/tools/bin/../lib/gcc/arm-none-eabi/13.3.1/../../../../arm-none-eabi/lib/thumb/v7e-m+fp/hard\libc_nano.a
LOAD D:/ST/STM32CubeIDE_1.19.0/STM32CubeIDE/plugins/com.st.stm32cube.ide.mcu.externaltools.gnu-tools-for-stm32.13.3.rel1.win32_1.0.0.202411081344/tools/bin/../lib/gcc/arm-none-eabi/13.3.1/../../../../arm-none-eabi/lib/thumb/v7e-m+fp/hard\libm.a
END GROUP
START GROUP
LOAD D:/ST/STM32CubeIDE_1.19.0/STM32CubeIDE/plugins/com.st.stm32cube.ide.mcu.externaltools.gnu-tools-for-stm32.13.3.rel1.win32_1.0.0.202411081344/tools/bin/../lib/gcc/arm-none-eabi/13.3.1/thumb/v7e-m+fp/hard\libgcc.a
LOAD D:/ST/STM32CubeIDE_1.19.0/STM32CubeIDE/plugins/com.st.stm32cube.ide.mcu.externaltools.gnu-tools-for-stm32.13.3.rel1.win32_1.0.0.202411081344/tools/bin/../lib/gcc/arm-none-eabi/13.3.1/../../../../arm-none-eabi/lib/thumb/v7e-m+fp/hard\libc_nano.a
END GROUP
START GROUP
LOAD D:/ST/STM32CubeIDE_1.19.0/STM32CubeIDE/plugins/com.st.stm32cube.ide.mcu.externaltools.gnu-tools-for-stm32.13.3.rel1.win32_1.0.0.202411081344/tools/bin/../lib/gcc/arm-none-eabi/13.3.1/thumb/v7e-m+fp/hard\libgcc.a
LOAD D:/ST/STM32CubeIDE_1.19.0/STM32CubeIDE/plugins/com.st.stm32cube.ide.mcu.externaltools.gnu-tools-for-stm32.13.3.rel1.win32_1.0.0.202411081344/tools/bin/../lib/gcc/arm-none-eabi/13.3.1/../../../../arm-none-eabi/lib/thumb/v7e-m+fp/hard\libc_nano.a
LOAD D:/ST/STM32CubeIDE_1.19.0/STM32CubeIDE/plugins/com.st.stm32cube.ide.mcu.externaltools.gnu-tools-for-stm32.13.3.rel1.win32_1.0.0.202411081344/tools/bin/../lib/gcc/arm-none-eabi/13.3.1/../../../../arm-none-eabi/lib/thumb/v7e-m+fp/hard\libnosys.a
END GROUP
START GROUP
LOAD D:/ST/STM32CubeIDE_1.19.0/STM32CubeIDE/plugins/com.st.stm32cube.ide.mcu.externaltools.gnu-tools-for-stm32.13.3.rel1.win32_1.0.0.202411081344/tools/bin/../lib/gcc/arm-none-eabi/13.3.1/thumb/v7e-m+fp/hard\libgcc.a
LOAD D:/ST/STM32CubeIDE_1.19.0/STM32CubeIDE/plugins/com.st.stm32cube.ide.mcu.externaltools.gnu-tools-for-stm32.13.3.rel1.win32_1.0.0.202411081344/tools/bin/../lib/gcc/arm-none-eabi/13.3.1/../../../../arm-none-eabi/lib/thumb/v7e-m+fp/hard\libc_nano.a
LOAD D:/ST/STM32CubeIDE_1.19.0/STM32CubeIDE/plugins/com.st.stm32cube.ide.mcu.externaltools.gnu-tools-for-stm32.13.3.rel1.win32_1.0.0.202411081344/tools/bin/../lib/gcc/arm-none-eabi/13.3.1/../../../../arm-none-eabi/lib/thumb/v7e-m+fp/hard\libnosys.a
END GROUP
LOAD D:/ST/STM32CubeIDE_1.19.0/STM32CubeIDE/plugins/com.st.stm32cube.ide.mcu.externaltools.gnu-tools-for-stm32.13.3.rel1.win32_1.0.0.202411081344/tools/bin/../lib/gcc/arm-none-eabi/13.3.1/thumb/v7e-m+fp/hard/crtend.o
LOAD D:/ST/STM32CubeIDE_1.19.0/STM32CubeIDE/plugins/com.st.stm32cube.ide.mcu.externaltools.gnu-tools-for-stm32.13.3.rel1.win32_1.0.0.202411081344/tools/bin/../lib/gcc/arm-none-eabi/13.3.1/thumb/v7e-m+fp/hard/crtn.o
                0x20020000                        _estack = (ORIGIN (RAM) + LENGTH (RAM))
                0x00000200                        _Min_Heap_Size = 0x200
                0x00000400                        _Min_Stack_Size = 0x400

.isr_vector     0x08000000      0x188
                0x08000000                        . = ALIGN (0x4)
 *(.isr_vector)
 .isr_vector    0x08000000      0x188 ./Application/User/Startup/startup_stm32f405rgtx.o
                0x08000000                g_pfnVectors
                0x08000188                        . = ALIGN (0x4)

.text           0x08000188     0x1e98
                0x08000188                        . = ALIGN (0x4)
 *(.text)
 .text          0x08000188       0x40 D:/ST/STM32CubeIDE_1.19.0/STM32CubeIDE/plugins/com.st.stm32cube.ide.mcu.externaltools.gnu-tools-for-stm32.13.3.rel1.win32_1.0.0.202411081344/tools/bin/../lib/gcc/arm-none-eabi/13.3.1/thumb/v7e-m+fp/hard/crtbegin.o
 .text          0x080001c8       0x30 D:/ST/STM32CubeIDE_1.19.0/STM32CubeIDE/plugins/com.st.stm32cube.ide.mcu.externaltools.gnu-tools-for-stm32.13.3.rel1.win32_1.0.0.202411081344/tools/bin/../lib/gcc/arm-none-eabi/13.3.1/thumb/v7e-m+fp/hard\libgcc.a(_aeabi_uldivmod.o)
                0x080001c8                __aeabi_uldivmod
 .text          0x080001f8      0x2f8 D:/ST/STM32CubeIDE_1.19.0/STM32CubeIDE/plugins/com.st.stm32cube.ide.mcu.externaltools.gnu-tools-for-stm32.13.3.rel1.win32_1.0.0.202411081344/tools/bin/../lib/gcc/arm-none-eabi/13.3.1/thumb/v7e-m+fp/hard\libgcc.a(_udivmoddi4.o)
                0x080001f8                __udivmoddi4
 .text          0x080004f0        0x4 D:/ST/STM32CubeIDE_1.19.0/STM32CubeIDE/plugins/com.st.stm32cube.ide.mcu.externaltools.gnu-tools-for-stm32.13.3.rel1.win32_1.0.0.202411081344/tools/bin/../lib/gcc/arm-none-eabi/13.3.1/thumb/v7e-m+fp/hard\libgcc.a(_dvmd_tls.o)
                0x080004f0                __aeabi_idiv0
                0x080004f0                __aeabi_ldiv0
 *(.text*)
 .text.LL_AHB1_GRP1_EnableClock
                0x080004f4       0x30 ./Application/User/Core/gpio.o
 .text.LL_GPIO_ResetOutputPin
                0x08000524       0x1e ./Application/User/Core/gpio.o
 *fill*         0x08000542        0x2 
 .text.MX_GPIO_Init
                0x08000544       0xa0 ./Application/User/Core/gpio.o
                0x08000544                MX_GPIO_Init
 .text.__NVIC_SetPriorityGrouping
                0x080005e4       0x48 ./Application/User/Core/main.o
 .text.__NVIC_GetPriorityGrouping
                0x0800062c       0x1c ./Application/User/Core/main.o
 .text.__NVIC_SetPriority
                0x08000648       0x54 ./Application/User/Core/main.o
 .text.NVIC_EncodePriority
                0x0800069c       0x66 ./Application/User/Core/main.o
 *fill*         0x08000702        0x2 
 .text.LL_RCC_HSI_Enable
                0x08000704       0x20 ./Application/User/Core/main.o
 .text.LL_RCC_HSI_IsReady
                0x08000724       0x24 ./Application/User/Core/main.o
 .text.LL_RCC_HSI_SetCalibTrimming
                0x08000748       0x2c ./Application/User/Core/main.o
 .text.LL_RCC_SetSysClkSource
                0x08000774       0x28 ./Application/User/Core/main.o
 .text.LL_RCC_GetSysClkSource
                0x0800079c       0x1c ./Application/User/Core/main.o
 .text.LL_RCC_SetAHBPrescaler
                0x080007b8       0x28 ./Application/User/Core/main.o
 .text.LL_RCC_SetAPB1Prescaler
                0x080007e0       0x28 ./Application/User/Core/main.o
 .text.LL_RCC_SetAPB2Prescaler
                0x08000808       0x28 ./Application/User/Core/main.o
 .text.LL_APB1_GRP1_EnableClock
                0x08000830       0x30 ./Application/User/Core/main.o
 .text.LL_APB2_GRP1_EnableClock
                0x08000860       0x30 ./Application/User/Core/main.o
 .text.LL_FLASH_SetLatency
                0x08000890       0x28 ./Application/User/Core/main.o
 .text.LL_FLASH_GetLatency
                0x080008b8       0x1c ./Application/User/Core/main.o
 .text.LL_PWR_SetRegulVoltageScaling
                0x080008d4       0x28 ./Application/User/Core/main.o
 .text.LL_USART_IsActiveFlag_TC
                0x080008fc       0x26 ./Application/User/Core/main.o
 .text.LL_USART_IsActiveFlag_TXE
                0x08000922       0x26 ./Application/User/Core/main.o
 .text.LL_USART_TransmitData8
                0x08000948       0x1e ./Application/User/Core/main.o
 .text.LL_GPIO_SetOutputPin
                0x08000966       0x1c ./Application/User/Core/main.o
 .text.LL_GPIO_ResetOutputPin
                0x08000982       0x1e ./Application/User/Core/main.o
 .text.USART2_SendByte
                0x080009a0       0x30 ./Application/User/Core/main.o
 .text.USART2_SendPacket
                0x080009d0       0x4c ./Application/User/Core/main.o
 .text.main     0x08000a1c      0x130 ./Application/User/Core/main.o
                0x08000a1c                main
 .text.SystemClock_Config
                0x08000b4c       0x6c ./Application/User/Core/main.o
                0x08000b4c                SystemClock_Config
 .text.LL_USART_IsActiveFlag_ORE
                0x08000bb8       0x26 ./Application/User/Core/stm32f4xx_it.o
 .text.LL_USART_IsActiveFlag_IDLE
                0x08000bde       0x26 ./Application/User/Core/stm32f4xx_it.o
 .text.LL_USART_IsActiveFlag_RXNE
                0x08000c04       0x26 ./Application/User/Core/stm32f4xx_it.o
 .text.LL_USART_ClearFlag_ORE
                0x08000c2a       0x24 ./Application/User/Core/stm32f4xx_it.o
 .text.LL_USART_ClearFlag_IDLE
                0x08000c4e       0x24 ./Application/User/Core/stm32f4xx_it.o
 .text.LL_USART_ReceiveData8
                0x08000c72       0x1a ./Application/User/Core/stm32f4xx_it.o
 .text.NMI_Handler
                0x08000c8c        0x8 ./Application/User/Core/stm32f4xx_it.o
                0x08000c8c                NMI_Handler
 .text.HardFault_Handler
                0x08000c94        0x8 ./Application/User/Core/stm32f4xx_it.o
                0x08000c94                HardFault_Handler
 .text.MemManage_Handler
                0x08000c9c        0x8 ./Application/User/Core/stm32f4xx_it.o
                0x08000c9c                MemManage_Handler
 .text.BusFault_Handler
                0x08000ca4        0x8 ./Application/User/Core/stm32f4xx_it.o
                0x08000ca4                BusFault_Handler
 .text.UsageFault_Handler
                0x08000cac        0x8 ./Application/User/Core/stm32f4xx_it.o
                0x08000cac                UsageFault_Handler
 .text.SVC_Handler
                0x08000cb4        0xe ./Application/User/Core/stm32f4xx_it.o
                0x08000cb4                SVC_Handler
 .text.DebugMon_Handler
                0x08000cc2        0xe ./Application/User/Core/stm32f4xx_it.o
                0x08000cc2                DebugMon_Handler
 .text.PendSV_Handler
                0x08000cd0        0xe ./Application/User/Core/stm32f4xx_it.o
                0x08000cd0                PendSV_Handler
 .text.SysTick_Handler
                0x08000cde        0xe ./Application/User/Core/stm32f4xx_it.o
                0x08000cde                SysTick_Handler
 .text.USART1_IRQHandler
                0x08000cec       0x88 ./Application/User/Core/stm32f4xx_it.o
                0x08000cec                USART1_IRQHandler
 .text.USART3_IRQHandler
                0x08000d74       0xb4 ./Application/User/Core/stm32f4xx_it.o
                0x08000d74                USART3_IRQHandler
 .text.__NVIC_GetPriorityGrouping
                0x08000e28       0x1c ./Application/User/Core/usart.o
 .text.__NVIC_EnableIRQ
                0x08000e44       0x3c ./Application/User/Core/usart.o
 .text.__NVIC_SetPriority
                0x08000e80       0x54 ./Application/User/Core/usart.o
 .text.NVIC_EncodePriority
                0x08000ed4       0x66 ./Application/User/Core/usart.o
 *fill*         0x08000f3a        0x2 
 .text.LL_AHB1_GRP1_EnableClock
                0x08000f3c       0x30 ./Application/User/Core/usart.o
 .text.LL_APB1_GRP1_EnableClock
                0x08000f6c       0x30 ./Application/User/Core/usart.o
 .text.LL_APB2_GRP1_EnableClock
                0x08000f9c       0x30 ./Application/User/Core/usart.o
 .text.LL_USART_Enable
                0x08000fcc       0x20 ./Application/User/Core/usart.o
 .text.LL_USART_ConfigAsyncMode
                0x08000fec       0x2c ./Application/User/Core/usart.o
 .text.LL_USART_EnableIT_IDLE
                0x08001018       0x46 ./Application/User/Core/usart.o
 .text.LL_USART_EnableIT_RXNE
                0x0800105e       0x46 ./Application/User/Core/usart.o
 .text.MX_USART1_UART_Init
                0x080010a4       0xcc ./Application/User/Core/usart.o
                0x080010a4                MX_USART1_UART_Init
 .text.MX_USART2_UART_Init
                0x08001170       0xa0 ./Application/User/Core/usart.o
                0x08001170                MX_USART2_UART_Init
 .text.MX_USART3_UART_Init
                0x08001210       0xd0 ./Application/User/Core/usart.o
                0x08001210                MX_USART3_UART_Init
 .text.Reset_Handler
                0x080012e0       0x50 ./Application/User/Startup/startup_stm32f405rgtx.o
                0x080012e0                Reset_Handler
 .text.Default_Handler
                0x08001330        0x2 ./Application/User/Startup/startup_stm32f405rgtx.o
                0x08001330                RTC_Alarm_IRQHandler
                0x08001330                HASH_RNG_IRQHandler
                0x08001330                EXTI2_IRQHandler
                0x08001330                TIM8_CC_IRQHandler
                0x08001330                TIM1_CC_IRQHandler
                0x08001330                DMA2_Stream5_IRQHandler
                0x08001330                DMA1_Stream5_IRQHandler
                0x08001330                PVD_IRQHandler
                0x08001330                SDIO_IRQHandler
                0x08001330                TAMP_STAMP_IRQHandler
                0x08001330                CAN2_RX1_IRQHandler
                0x08001330                EXTI3_IRQHandler
                0x08001330                TIM8_TRG_COM_TIM14_IRQHandler
                0x08001330                TIM1_UP_TIM10_IRQHandler
                0x08001330                TIM8_UP_TIM13_IRQHandler
                0x08001330                I2C3_ER_IRQHandler
                0x08001330                EXTI0_IRQHandler
                0x08001330                I2C2_EV_IRQHandler
                0x08001330                DMA1_Stream2_IRQHandler
                0x08001330                CAN1_RX0_IRQHandler
                0x08001330                FPU_IRQHandler
                0x08001330                OTG_HS_WKUP_IRQHandler
                0x08001330                CAN2_SCE_IRQHandler
                0x08001330                DMA2_Stream2_IRQHandler
                0x08001330                SPI1_IRQHandler
                0x08001330                TIM6_DAC_IRQHandler
                0x08001330                TIM1_BRK_TIM9_IRQHandler
                0x08001330                CAN2_RX0_IRQHandler
                0x08001330                DMA2_Stream3_IRQHandler
                0x08001330                USART6_IRQHandler
                0x08001330                CAN1_RX1_IRQHandler
                0x08001330                UART5_IRQHandler
                0x08001330                DMA2_Stream0_IRQHandler
                0x08001330                TIM4_IRQHandler
                0x08001330                I2C1_EV_IRQHandler
                0x08001330                DMA1_Stream6_IRQHandler
                0x08001330                DMA1_Stream1_IRQHandler
                0x08001330                UART4_IRQHandler
                0x08001330                TIM3_IRQHandler
                0x08001330                RCC_IRQHandler
                0x08001330                TIM8_BRK_TIM12_IRQHandler
                0x08001330                Default_Handler
                0x08001330                EXTI15_10_IRQHandler
                0x08001330                ADC_IRQHandler
                0x08001330                DMA1_Stream7_IRQHandler
                0x08001330                TIM7_IRQHandler
                0x08001330                CAN2_TX_IRQHandler
                0x08001330                TIM5_IRQHandler
                0x08001330                DMA2_Stream7_IRQHandler
                0x08001330                I2C3_EV_IRQHandler
                0x08001330                EXTI9_5_IRQHandler
                0x08001330                RTC_WKUP_IRQHandler
                0x08001330                SPI2_IRQHandler
                0x08001330                OTG_HS_EP1_IN_IRQHandler
                0x08001330                DMA1_Stream0_IRQHandler
                0x08001330                CAN1_TX_IRQHandler
                0x08001330                EXTI4_IRQHandler
                0x08001330                FSMC_IRQHandler
                0x08001330                OTG_HS_EP1_OUT_IRQHandler
                0x08001330                WWDG_IRQHandler
                0x08001330                TIM2_IRQHandler
                0x08001330                OTG_FS_WKUP_IRQHandler
                0x08001330                TIM1_TRG_COM_TIM11_IRQHandler
                0x08001330                OTG_HS_IRQHandler
                0x08001330                EXTI1_IRQHandler
                0x08001330                USART2_IRQHandler
                0x08001330                I2C2_ER_IRQHandler
                0x08001330                DMA2_Stream1_IRQHandler
                0x08001330                CAN1_SCE_IRQHandler
                0x08001330                FLASH_IRQHandler
                0x08001330                DMA2_Stream4_IRQHandler
                0x08001330                OTG_FS_IRQHandler
                0x08001330                SPI3_IRQHandler
                0x08001330                DMA1_Stream4_IRQHandler
                0x08001330                I2C1_ER_IRQHandler
                0x08001330                DMA2_Stream6_IRQHandler
                0x08001330                DMA1_Stream3_IRQHandler
 *fill*         0x08001332        0x2 
 .text.SystemInit
                0x08001334       0x24 ./Drivers/CMSIS/system_stm32f4xx.o
                0x08001334                SystemInit
 .text.LL_GPIO_SetPinMode
                0x08001358       0x7a ./Drivers/STM32F4xx_HAL_Driver/stm32f4xx_ll_gpio.o
 .text.LL_GPIO_SetPinOutputType
                0x080013d2       0x30 ./Drivers/STM32F4xx_HAL_Driver/stm32f4xx_ll_gpio.o
 .text.LL_GPIO_SetPinSpeed
                0x08001402       0x7a ./Drivers/STM32F4xx_HAL_Driver/stm32f4xx_ll_gpio.o
 .text.LL_GPIO_SetPinPull
                0x0800147c       0x7a ./Drivers/STM32F4xx_HAL_Driver/stm32f4xx_ll_gpio.o
 .text.LL_GPIO_SetAFPin_0_7
                0x080014f6       0x7a ./Drivers/STM32F4xx_HAL_Driver/stm32f4xx_ll_gpio.o
 .text.LL_GPIO_SetAFPin_8_15
                0x08001570       0x7e ./Drivers/STM32F4xx_HAL_Driver/stm32f4xx_ll_gpio.o
 .text.LL_GPIO_Init
                0x080015ee      0x102 ./Drivers/STM32F4xx_HAL_Driver/stm32f4xx_ll_gpio.o
                0x080015ee                LL_GPIO_Init
 .text.LL_RCC_GetSysClkSource
                0x080016f0       0x1c ./Drivers/STM32F4xx_HAL_Driver/stm32f4xx_ll_rcc.o
 .text.LL_RCC_GetAHBPrescaler
                0x0800170c       0x1c ./Drivers/STM32F4xx_HAL_Driver/stm32f4xx_ll_rcc.o
 .text.LL_RCC_GetAPB1Prescaler
                0x08001728       0x1c ./Drivers/STM32F4xx_HAL_Driver/stm32f4xx_ll_rcc.o
 .text.LL_RCC_GetAPB2Prescaler
                0x08001744       0x1c ./Drivers/STM32F4xx_HAL_Driver/stm32f4xx_ll_rcc.o
 .text.LL_RCC_PLL_GetMainSource
                0x08001760       0x1c ./Drivers/STM32F4xx_HAL_Driver/stm32f4xx_ll_rcc.o
 .text.LL_RCC_PLL_GetN
                0x0800177c       0x1c ./Drivers/STM32F4xx_HAL_Driver/stm32f4xx_ll_rcc.o
 .text.LL_RCC_PLL_GetP
                0x08001798       0x1c ./Drivers/STM32F4xx_HAL_Driver/stm32f4xx_ll_rcc.o
 .text.LL_RCC_PLL_GetDivider
                0x080017b4       0x1c ./Drivers/STM32F4xx_HAL_Driver/stm32f4xx_ll_rcc.o
 .text.LL_RCC_GetSystemClocksFreq
                0x080017d0       0x4a ./Drivers/STM32F4xx_HAL_Driver/stm32f4xx_ll_rcc.o
                0x080017d0                LL_RCC_GetSystemClocksFreq
 *fill*         0x0800181a        0x2 
 .text.RCC_GetSystemClockFreq
                0x0800181c       0x50 ./Drivers/STM32F4xx_HAL_Driver/stm32f4xx_ll_rcc.o
                0x0800181c                RCC_GetSystemClockFreq
 .text.RCC_GetHCLKClockFreq
                0x0800186c       0x2c ./Drivers/STM32F4xx_HAL_Driver/stm32f4xx_ll_rcc.o
                0x0800186c                RCC_GetHCLKClockFreq
 .text.RCC_GetPCLK1ClockFreq
                0x08001898       0x28 ./Drivers/STM32F4xx_HAL_Driver/stm32f4xx_ll_rcc.o
                0x08001898                RCC_GetPCLK1ClockFreq
 .text.RCC_GetPCLK2ClockFreq
                0x080018c0       0x28 ./Drivers/STM32F4xx_HAL_Driver/stm32f4xx_ll_rcc.o
                0x080018c0                RCC_GetPCLK2ClockFreq
 .text.RCC_PLL_GetFreqDomain_SYS
                0x080018e8       0x7c ./Drivers/STM32F4xx_HAL_Driver/stm32f4xx_ll_rcc.o
                0x080018e8                RCC_PLL_GetFreqDomain_SYS
 .text.LL_USART_IsEnabled
                0x08001964       0x28 ./Drivers/STM32F4xx_HAL_Driver/stm32f4xx_ll_usart.o
 .text.LL_USART_SetStopBitsLength
                0x0800198c       0x26 ./Drivers/STM32F4xx_HAL_Driver/stm32f4xx_ll_usart.o
 .text.LL_USART_SetHWFlowCtrl
                0x080019b2       0x26 ./Drivers/STM32F4xx_HAL_Driver/stm32f4xx_ll_usart.o
 .text.LL_USART_SetBaudRate
                0x080019d8      0x45c ./Drivers/STM32F4xx_HAL_Driver/stm32f4xx_ll_usart.o
 .text.LL_USART_Init
                0x08001e34      0x100 ./Drivers/STM32F4xx_HAL_Driver/stm32f4xx_ll_usart.o
                0x08001e34                LL_USART_Init
 .text.LL_InitTick
                0x08001f34       0x34 ./Drivers/STM32F4xx_HAL_Driver/stm32f4xx_ll_utils.o
 .text.LL_Init1msTick
                0x08001f68       0x1a ./Drivers/STM32F4xx_HAL_Driver/stm32f4xx_ll_utils.o
                0x08001f68                LL_Init1msTick
 *fill*         0x08001f82        0x2 
 .text.LL_SetSystemCoreClock
                0x08001f84       0x20 ./Drivers/STM32F4xx_HAL_Driver/stm32f4xx_ll_utils.o
                0x08001f84                LL_SetSystemCoreClock
 .text.__libc_init_array
                0x08001fa4       0x48 D:/ST/STM32CubeIDE_1.19.0/STM32CubeIDE/plugins/com.st.stm32cube.ide.mcu.externaltools.gnu-tools-for-stm32.13.3.rel1.win32_1.0.0.202411081344/tools/bin/../lib/gcc/arm-none-eabi/13.3.1/../../../../arm-none-eabi/lib/thumb/v7e-m+fp/hard\libc_nano.a(libc_a-init.o)
                0x08001fa4                __libc_init_array
 .text.memcpy   0x08001fec       0x1c D:/ST/STM32CubeIDE_1.19.0/STM32CubeIDE/plugins/com.st.stm32cube.ide.mcu.externaltools.gnu-tools-for-stm32.13.3.rel1.win32_1.0.0.202411081344/tools/bin/../lib/gcc/arm-none-eabi/13.3.1/../../../../arm-none-eabi/lib/thumb/v7e-m+fp/hard\libc_nano.a(libc_a-memcpy-stub.o)
                0x08001fec                memcpy
 *(.glue_7)
 .glue_7        0x08002008        0x0 linker stubs
 *(.glue_7t)
 .glue_7t       0x08002008        0x0 linker stubs
 *(.eh_frame)
 .eh_frame      0x08002008        0x0 D:/ST/STM32CubeIDE_1.19.0/STM32CubeIDE/plugins/com.st.stm32cube.ide.mcu.externaltools.gnu-tools-for-stm32.13.3.rel1.win32_1.0.0.202411081344/tools/bin/../lib/gcc/arm-none-eabi/13.3.1/thumb/v7e-m+fp/hard/crtbegin.o
 *(.init)
 .init          0x08002008        0x4 D:/ST/STM32CubeIDE_1.19.0/STM32CubeIDE/plugins/com.st.stm32cube.ide.mcu.externaltools.gnu-tools-for-stm32.13.3.rel1.win32_1.0.0.202411081344/tools/bin/../lib/gcc/arm-none-eabi/13.3.1/thumb/v7e-m+fp/hard/crti.o
                0x08002008                _init
 .init          0x0800200c        0x8 D:/ST/STM32CubeIDE_1.19.0/STM32CubeIDE/plugins/com.st.stm32cube.ide.mcu.externaltools.gnu-tools-for-stm32.13.3.rel1.win32_1.0.0.202411081344/tools/bin/../lib/gcc/arm-none-eabi/13.3.1/thumb/v7e-m+fp/hard/crtn.o
 *(.fini)
 .fini          0x08002014        0x4 D:/ST/STM32CubeIDE_1.19.0/STM32CubeIDE/plugins/com.st.stm32cube.ide.mcu.externaltools.gnu-tools-for-stm32.13.3.rel1.win32_1.0.0.202411081344/tools/bin/../lib/gcc/arm-none-eabi/13.3.1/thumb/v7e-m+fp/hard/crti.o
                0x08002014                _fini
 .fini          0x08002018        0x8 D:/ST/STM32CubeIDE_1.19.0/STM32CubeIDE/plugins/com.st.stm32cube.ide.mcu.externaltools.gnu-tools-for-stm32.13.3.rel1.win32_1.0.0.202411081344/tools/bin/../lib/gcc/arm-none-eabi/13.3.1/thumb/v7e-m+fp/hard/crtn.o
                0x08002020                        . = ALIGN (0x4)
                0x08002020                        _etext = .

.vfp11_veneer   0x08002020        0x0
 .vfp11_veneer  0x08002020        0x0 linker stubs

.v4_bx          0x08002020        0x0
 .v4_bx         0x08002020        0x0 linker stubs

.iplt           0x08002020        0x0
 .iplt          0x08002020        0x0 D:/ST/STM32CubeIDE_1.19.0/STM32CubeIDE/plugins/com.st.stm32cube.ide.mcu.externaltools.gnu-tools-for-stm32.13.3.rel1.win32_1.0.0.202411081344/tools/bin/../lib/gcc/arm-none-eabi/13.3.1/thumb/v7e-m+fp/hard/crtbegin.o

.rodata         0x08002020       0x18
                0x08002020                        . = ALIGN (0x4)
 *(.rodata)
 *(.rodata*)
 .rodata.AHBPrescTable
                0x08002020       0x10 ./Drivers/CMSIS/system_stm32f4xx.o
                0x08002020                AHBPrescTable
 .rodata.APBPrescTable
                0x08002030        0x8 ./Drivers/CMSIS/system_stm32f4xx.o
                0x08002030                APBPrescTable
                0x08002038                        . = ALIGN (0x4)

.ARM.extab      0x08002038        0x0
                0x08002038                        . = ALIGN (0x4)
 *(.ARM.extab* .gnu.linkonce.armextab.*)
                0x08002038                        . = ALIGN (0x4)

.ARM            0x08002038        0x8
                0x08002038                        . = ALIGN (0x4)
                0x08002038                        __exidx_start = .
 *(.ARM.exidx*)
 .ARM.exidx     0x08002038        0x8 D:/ST/STM32CubeIDE_1.19.0/STM32CubeIDE/plugins/com.st.stm32cube.ide.mcu.externaltools.gnu-tools-for-stm32.13.3.rel1.win32_1.0.0.202411081344/tools/bin/../lib/gcc/arm-none-eabi/13.3.1/thumb/v7e-m+fp/hard\libgcc.a(_udivmoddi4.o)
                0x08002040                        __exidx_end = .
                0x08002040                        . = ALIGN (0x4)

.preinit_array  0x08002040        0x0
                0x08002040                        . = ALIGN (0x4)
                0x08002040                        PROVIDE (__preinit_array_start = .)
 *(.preinit_array*)
                0x08002040                        PROVIDE (__preinit_array_end = .)
                0x08002040                        . = ALIGN (0x4)

.init_array     0x08002040        0x4
                0x08002040                        . = ALIGN (0x4)
                0x08002040                        PROVIDE (__init_array_start = .)
 *(SORT_BY_NAME(.init_array.*))
 *(.init_array*)
 .init_array    0x08002040        0x4 D:/ST/STM32CubeIDE_1.19.0/STM32CubeIDE/plugins/com.st.stm32cube.ide.mcu.externaltools.gnu-tools-for-stm32.13.3.rel1.win32_1.0.0.202411081344/tools/bin/../lib/gcc/arm-none-eabi/13.3.1/thumb/v7e-m+fp/hard/crtbegin.o
                0x08002044                        PROVIDE (__init_array_end = .)
                0x08002044                        . = ALIGN (0x4)

.fini_array     0x08002044        0x4
                0x08002044                        . = ALIGN (0x4)
                [!provide]                        PROVIDE (__fini_array_start = .)
 *(SORT_BY_NAME(.fini_array.*))
 *(.fini_array*)
 .fini_array    0x08002044        0x4 D:/ST/STM32CubeIDE_1.19.0/STM32CubeIDE/plugins/com.st.stm32cube.ide.mcu.externaltools.gnu-tools-for-stm32.13.3.rel1.win32_1.0.0.202411081344/tools/bin/../lib/gcc/arm-none-eabi/13.3.1/thumb/v7e-m+fp/hard/crtbegin.o
                [!provide]                        PROVIDE (__fini_array_end = .)
                0x08002048                        . = ALIGN (0x4)
                0x08002048                        _sidata = LOADADDR (.data)

.rel.dyn        0x08002048        0x0
 .rel.iplt      0x08002048        0x0 D:/ST/STM32CubeIDE_1.19.0/STM32CubeIDE/plugins/com.st.stm32cube.ide.mcu.externaltools.gnu-tools-for-stm32.13.3.rel1.win32_1.0.0.202411081344/tools/bin/../lib/gcc/arm-none-eabi/13.3.1/thumb/v7e-m+fp/hard/crtbegin.o

.data           0x20000000        0x4 load address 0x08002048
                0x20000000                        . = ALIGN (0x4)
                0x20000000                        _sdata = .
 *(.data)
 *(.data*)
 .data.SystemCoreClock
                0x20000000        0x4 ./Drivers/CMSIS/system_stm32f4xx.o
                0x20000000                SystemCoreClock
 *(.RamFunc)
 *(.RamFunc*)
                0x20000004                        . = ALIGN (0x4)
                0x20000004                        _edata = .
                0x0800204c                        _siccmram = LOADADDR (.ccmram)

.igot.plt       0x20000004        0x0 load address 0x0800204c
 .igot.plt      0x20000004        0x0 D:/ST/STM32CubeIDE_1.19.0/STM32CubeIDE/plugins/com.st.stm32cube.ide.mcu.externaltools.gnu-tools-for-stm32.13.3.rel1.win32_1.0.0.202411081344/tools/bin/../lib/gcc/arm-none-eabi/13.3.1/thumb/v7e-m+fp/hard/crtbegin.o

.ccmram         0x10000000        0x0 load address 0x0800204c
                0x10000000                        . = ALIGN (0x4)
                0x10000000                        _sccmram = .
 *(.ccmram)
 *(.ccmram*)
                0x10000000                        . = ALIGN (0x4)
                0x10000000                        _eccmram = .
                0x10000000                        . = ALIGN (0x4)

.bss            0x20000004      0x1c4
                0x20000004                        _sbss = .
                0x20000004                        __bss_start__ = _sbss
 *(.bss)
 .bss           0x20000004       0x1c D:/ST/STM32CubeIDE_1.19.0/STM32CubeIDE/plugins/com.st.stm32cube.ide.mcu.externaltools.gnu-tools-for-stm32.13.3.rel1.win32_1.0.0.202411081344/tools/bin/../lib/gcc/arm-none-eabi/13.3.1/thumb/v7e-m+fp/hard/crtbegin.o
 *(.bss*)
 .bss.timestamp
                0x20000020        0x4 ./Application/User/Core/main.o
                0x20000020                timestamp
 .bss.alarm     0x20000024        0x4 ./Application/User/Core/main.o
                0x20000024                alarm
 .bss.distance  0x20000028        0x4 ./Application/User/Core/main.o
                0x20000028                distance
 .bss.usart2_tx_buf
                0x2000002c      0x100 ./Application/User/Core/main.o
                0x2000002c                usart2_tx_buf
 .bss.usart1_rx_buf
                0x2000012c       0x14 ./Application/User/Core/usart.o
                0x2000012c                usart1_rx_buf
 .bss.usart1_rx_len
                0x20000140        0x2 ./Application/User/Core/usart.o
                0x20000140                usart1_rx_len
 .bss.usart1_rx_done
                0x20000142        0x1 ./Application/User/Core/usart.o
                0x20000142                usart1_rx_done
 *fill*         0x20000143        0x1 
 .bss.usart3_rx_buf
                0x20000144       0x80 ./Application/User/Core/usart.o
                0x20000144                usart3_rx_buf
 .bss.usart3_rx_len
                0x200001c4        0x2 ./Application/User/Core/usart.o
                0x200001c4                usart3_rx_len
 .bss.usart3_rx_done
                0x200001c6        0x1 ./Application/User/Core/usart.o
                0x200001c6                usart3_rx_done
 *(COMMON)
                0x200001c8                        . = ALIGN (0x4)
 *fill*         0x200001c7        0x1 
                0x200001c8                        _ebss = .
                0x200001c8                        __bss_end__ = _ebss

._user_heap_stack
                0x200001c8      0x600
                0x200001c8                        . = ALIGN (0x8)
                [!provide]                        PROVIDE (end = .)
                0x200001c8                        PROVIDE (_end = .)
                0x200003c8                        . = (. + _Min_Heap_Size)
 *fill*         0x200001c8      0x200 
                0x200007c8                        . = (. + _Min_Stack_Size)
 *fill*         0x200003c8      0x400 
                0x200007c8                        . = ALIGN (0x8)

/DISCARD/
 libc.a(*)
 libm.a(*)
 libgcc.a(*)

.ARM.attributes
                0x00000000       0x30
 *(.ARM.attributes)
 .ARM.attributes
                0x00000000       0x22 D:/ST/STM32CubeIDE_1.19.0/STM32CubeIDE/plugins/com.st.stm32cube.ide.mcu.externaltools.gnu-tools-for-stm32.13.3.rel1.win32_1.0.0.202411081344/tools/bin/../lib/gcc/arm-none-eabi/13.3.1/thumb/v7e-m+fp/hard/crti.o
 .ARM.attributes
                0x00000022       0x34 D:/ST/STM32CubeIDE_1.19.0/STM32CubeIDE/plugins/com.st.stm32cube.ide.mcu.externaltools.gnu-tools-for-stm32.13.3.rel1.win32_1.0.0.202411081344/tools/bin/../lib/gcc/arm-none-eabi/13.3.1/thumb/v7e-m+fp/hard/crtbegin.o
 .ARM.attributes
                0x00000056       0x34 ./Application/User/Core/gpio.o
 .ARM.attributes
                0x0000008a       0x34 ./Application/User/Core/main.o
 .ARM.attributes
                0x000000be       0x34 ./Application/User/Core/stm32f4xx_it.o
 .ARM.attributes
                0x000000f2       0x34 ./Application/User/Core/usart.o
 .ARM.attributes
                0x00000126       0x21 ./Application/User/Startup/startup_stm32f405rgtx.o
 .ARM.attributes
                0x00000147       0x34 ./Drivers/CMSIS/system_stm32f4xx.o
 .ARM.attributes
                0x0000017b       0x34 ./Drivers/STM32F4xx_HAL_Driver/stm32f4xx_ll_gpio.o
 .ARM.attributes
                0x000001af       0x34 ./Drivers/STM32F4xx_HAL_Driver/stm32f4xx_ll_rcc.o
 .ARM.attributes
                0x000001e3       0x34 ./Drivers/STM32F4xx_HAL_Driver/stm32f4xx_ll_usart.o
 .ARM.attributes
                0x00000217       0x34 ./Drivers/STM32F4xx_HAL_Driver/stm32f4xx_ll_utils.o
 .ARM.attributes
                0x0000024b       0x34 D:/ST/STM32CubeIDE_1.19.0/STM32CubeIDE/plugins/com.st.stm32cube.ide.mcu.externaltools.gnu-tools-for-stm32.13.3.rel1.win32_1.0.0.202411081344/tools/bin/../lib/gcc/arm-none-eabi/13.3.1/../../../../arm-none-eabi/lib/thumb/v7e-m+fp/hard\libc_nano.a(libc_a-init.o)
 .ARM.attributes
                0x0000027f       0x34 D:/ST/STM32CubeIDE_1.19.0/STM32CubeIDE/plugins/com.st.stm32cube.ide.mcu.externaltools.gnu-tools-for-stm32.13.3.rel1.win32_1.0.0.202411081344/tools/bin/../lib/gcc/arm-none-eabi/13.3.1/../../../../arm-none-eabi/lib/thumb/v7e-m+fp/hard\libc_nano.a(libc_a-memcpy-stub.o)
 .ARM.attributes
                0x000002b3       0x22 D:/ST/STM32CubeIDE_1.19.0/STM32CubeIDE/plugins/com.st.stm32cube.ide.mcu.externaltools.gnu-tools-for-stm32.13.3.rel1.win32_1.0.0.202411081344/tools/bin/../lib/gcc/arm-none-eabi/13.3.1/thumb/v7e-m+fp/hard\libgcc.a(_aeabi_uldivmod.o)
 .ARM.attributes
                0x000002d5       0x34 D:/ST/STM32CubeIDE_1.19.0/STM32CubeIDE/plugins/com.st.stm32cube.ide.mcu.externaltools.gnu-tools-for-stm32.13.3.rel1.win32_1.0.0.202411081344/tools/bin/../lib/gcc/arm-none-eabi/13.3.1/thumb/v7e-m+fp/hard\libgcc.a(_udivmoddi4.o)
 .ARM.attributes
                0x00000309       0x22 D:/ST/STM32CubeIDE_1.19.0/STM32CubeIDE/plugins/com.st.stm32cube.ide.mcu.externaltools.gnu-tools-for-stm32.13.3.rel1.win32_1.0.0.202411081344/tools/bin/../lib/gcc/arm-none-eabi/13.3.1/thumb/v7e-m+fp/hard\libgcc.a(_dvmd_tls.o)
 .ARM.attributes
                0x0000032b       0x22 D:/ST/STM32CubeIDE_1.19.0/STM32CubeIDE/plugins/com.st.stm32cube.ide.mcu.externaltools.gnu-tools-for-stm32.13.3.rel1.win32_1.0.0.202411081344/tools/bin/../lib/gcc/arm-none-eabi/13.3.1/thumb/v7e-m+fp/hard/crtn.o
OUTPUT(detect_demo1.elf elf32-littlearm)
LOAD linker stubs
LOAD D:/ST/STM32CubeIDE_1.19.0/STM32CubeIDE/plugins/com.st.stm32cube.ide.mcu.externaltools.gnu-tools-for-stm32.13.3.rel1.win32_1.0.0.202411081344/tools/bin/../lib/gcc/arm-none-eabi/13.3.1/../../../../arm-none-eabi/lib/thumb/v7e-m+fp/hard\libc.a
LOAD D:/ST/STM32CubeIDE_1.19.0/STM32CubeIDE/plugins/com.st.stm32cube.ide.mcu.externaltools.gnu-tools-for-stm32.13.3.rel1.win32_1.0.0.202411081344/tools/bin/../lib/gcc/arm-none-eabi/13.3.1/../../../../arm-none-eabi/lib/thumb/v7e-m+fp/hard\libm.a
LOAD D:/ST/STM32CubeIDE_1.19.0/STM32CubeIDE/plugins/com.st.stm32cube.ide.mcu.externaltools.gnu-tools-for-stm32.13.3.rel1.win32_1.0.0.202411081344/tools/bin/../lib/gcc/arm-none-eabi/13.3.1/thumb/v7e-m+fp/hard\libgcc.a

.debug_info     0x00000000     0x4de7
 .debug_info    0x00000000      0x42b ./Application/User/Core/gpio.o
 .debug_info    0x0000042b     0x11df ./Application/User/Core/main.o
 .debug_info    0x0000160a      0x3a3 ./Application/User/Core/stm32f4xx_it.o
 .debug_info    0x000019ad      0xebb ./Application/User/Core/usart.o
 .debug_info    0x00002868       0x30 ./Application/User/Startup/startup_stm32f405rgtx.o
 .debug_info    0x00002898      0x50b ./Drivers/CMSIS/system_stm32f4xx.o
 .debug_info    0x00002da3      0x920 ./Drivers/STM32F4xx_HAL_Driver/stm32f4xx_ll_gpio.o
 .debug_info    0x000036c3      0x744 ./Drivers/STM32F4xx_HAL_Driver/stm32f4xx_ll_rcc.o
 .debug_info    0x00003e07      0x6eb ./Drivers/STM32F4xx_HAL_Driver/stm32f4xx_ll_usart.o
 .debug_info    0x000044f2      0x8f5 ./Drivers/STM32F4xx_HAL_Driver/stm32f4xx_ll_utils.o

.debug_abbrev   0x00000000     0x12f3
 .debug_abbrev  0x00000000      0x198 ./Application/User/Core/gpio.o
 .debug_abbrev  0x00000198      0x38f ./Application/User/Core/main.o
 .debug_abbrev  0x00000527      0x198 ./Application/User/Core/stm32f4xx_it.o
 .debug_abbrev  0x000006bf      0x2bd ./Application/User/Core/usart.o
 .debug_abbrev  0x0000097c       0x24 ./Application/User/Startup/startup_stm32f405rgtx.o
 .debug_abbrev  0x000009a0      0x11a ./Drivers/CMSIS/system_stm32f4xx.o
 .debug_abbrev  0x00000aba      0x237 ./Drivers/STM32F4xx_HAL_Driver/stm32f4xx_ll_gpio.o
 .debug_abbrev  0x00000cf1      0x1ed ./Drivers/STM32F4xx_HAL_Driver/stm32f4xx_ll_rcc.o
 .debug_abbrev  0x00000ede      0x1f2 ./Drivers/STM32F4xx_HAL_Driver/stm32f4xx_ll_usart.o
 .debug_abbrev  0x000010d0      0x223 ./Drivers/STM32F4xx_HAL_Driver/stm32f4xx_ll_utils.o

.debug_aranges  0x00000000      0x5c8
 .debug_aranges
                0x00000000       0x30 ./Application/User/Core/gpio.o
 .debug_aranges
                0x00000030      0x118 ./Application/User/Core/main.o
 .debug_aranges
                0x00000148       0xa0 ./Application/User/Core/stm32f4xx_it.o
 .debug_aranges
                0x000001e8       0x88 ./Application/User/Core/usart.o
 .debug_aranges
                0x00000270       0x28 ./Application/User/Startup/startup_stm32f405rgtx.o
 .debug_aranges
                0x00000298       0x28 ./Drivers/CMSIS/system_stm32f4xx.o
 .debug_aranges
                0x000002c0       0x70 ./Drivers/STM32F4xx_HAL_Driver/stm32f4xx_ll_gpio.o
 .debug_aranges
                0x00000330      0x118 ./Drivers/STM32F4xx_HAL_Driver/stm32f4xx_ll_rcc.o
 .debug_aranges
                0x00000448       0x88 ./Drivers/STM32F4xx_HAL_Driver/stm32f4xx_ll_usart.o
 .debug_aranges
                0x000004d0       0xf8 ./Drivers/STM32F4xx_HAL_Driver/stm32f4xx_ll_utils.o

.debug_rnglists
                0x00000000      0x436
 .debug_rnglists
                0x00000000       0x20 ./Application/User/Core/gpio.o
 .debug_rnglists
                0x00000020       0xcf ./Application/User/Core/main.o
 .debug_rnglists
                0x000000ef       0x75 ./Application/User/Core/stm32f4xx_it.o
 .debug_rnglists
                0x00000164       0x64 ./Application/User/Core/usart.o
 .debug_rnglists
                0x000001c8       0x19 ./Application/User/Startup/startup_stm32f405rgtx.o
 .debug_rnglists
                0x000001e1       0x1a ./Drivers/CMSIS/system_stm32f4xx.o
 .debug_rnglists
                0x000001fb       0x51 ./Drivers/STM32F4xx_HAL_Driver/stm32f4xx_ll_gpio.o
 .debug_rnglists
                0x0000024c       0xce ./Drivers/STM32F4xx_HAL_Driver/stm32f4xx_ll_rcc.o
 .debug_rnglists
                0x0000031a       0x64 ./Drivers/STM32F4xx_HAL_Driver/stm32f4xx_ll_usart.o
 .debug_rnglists
                0x0000037e       0xb8 ./Drivers/STM32F4xx_HAL_Driver/stm32f4xx_ll_utils.o

.debug_macro    0x00000000    0x19afb
 .debug_macro   0x00000000      0x147 ./Application/User/Core/gpio.o
 .debug_macro   0x00000147      0xb1a ./Application/User/Core/gpio.o
 .debug_macro   0x00000c61       0x2e ./Application/User/Core/gpio.o
 .debug_macro   0x00000c8f       0x2f ./Application/User/Core/gpio.o
 .debug_macro   0x00000cbe       0x22 ./Application/User/Core/gpio.o
 .debug_macro   0x00000ce0       0x8e ./Application/User/Core/gpio.o
 .debug_macro   0x00000d6e       0x51 ./Application/User/Core/gpio.o
 .debug_macro   0x00000dbf      0x103 ./Application/User/Core/gpio.o
 .debug_macro   0x00000ec2       0x6a ./Application/User/Core/gpio.o
 .debug_macro   0x00000f2c      0x1df ./Application/User/Core/gpio.o
 .debug_macro   0x0000110b       0x1c ./Application/User/Core/gpio.o
 .debug_macro   0x00001127       0x22 ./Application/User/Core/gpio.o
 .debug_macro   0x00001149       0xfb ./Application/User/Core/gpio.o
 .debug_macro   0x00001244     0x1011 ./Application/User/Core/gpio.o
 .debug_macro   0x00002255      0x11f ./Application/User/Core/gpio.o
 .debug_macro   0x00002374    0x1426d ./Application/User/Core/gpio.o
 .debug_macro   0x000165e1       0x6d ./Application/User/Core/gpio.o
 .debug_macro   0x0001664e      0x77b ./Application/User/Core/gpio.o
 .debug_macro   0x00016dc9      0x1b6 ./Application/User/Core/gpio.o
 .debug_macro   0x00016f7f      0x20a ./Application/User/Core/gpio.o
 .debug_macro   0x00017189       0xe8 ./Application/User/Core/gpio.o
 .debug_macro   0x00017271      0x1a6 ./Application/User/Core/gpio.o
 .debug_macro   0x00017417       0x61 ./Application/User/Core/gpio.o
 .debug_macro   0x00017478       0xaa ./Application/User/Core/gpio.o
 .debug_macro   0x00017522      0x1e6 ./Application/User/Core/gpio.o
 .debug_macro   0x00017708      0x1bb ./Application/User/Core/gpio.o
 .debug_macro   0x000178c3      0x149 ./Application/User/Core/gpio.o
 .debug_macro   0x00017a0c       0x22 ./Application/User/Core/gpio.o
 .debug_macro   0x00017a2e      0x25c ./Application/User/Core/main.o
 .debug_macro   0x00017c8a       0x61 ./Application/User/Core/main.o
 .debug_macro   0x00017ceb       0x2a ./Application/User/Core/main.o
 .debug_macro   0x00017d15       0x43 ./Application/User/Core/main.o
 .debug_macro   0x00017d58       0x34 ./Application/User/Core/main.o
 .debug_macro   0x00017d8c      0x190 ./Application/User/Core/main.o
 .debug_macro   0x00017f1c      0x370 ./Application/User/Core/main.o
 .debug_macro   0x0001828c       0x16 ./Application/User/Core/main.o
 .debug_macro   0x000182a2       0x4a ./Application/User/Core/main.o
 .debug_macro   0x000182ec       0x34 ./Application/User/Core/main.o
 .debug_macro   0x00018320       0x10 ./Application/User/Core/main.o
 .debug_macro   0x00018330       0x58 ./Application/User/Core/main.o
 .debug_macro   0x00018388       0x8e ./Application/User/Core/main.o
 .debug_macro   0x00018416       0x1c ./Application/User/Core/main.o
 .debug_macro   0x00018432      0x185 ./Application/User/Core/main.o
 .debug_macro   0x000185b7       0x10 ./Application/User/Core/main.o
 .debug_macro   0x000185c7       0x3c ./Application/User/Core/main.o
 .debug_macro   0x00018603       0x20 ./Application/User/Core/main.o
 .debug_macro   0x00018623       0x1c ./Application/User/Core/main.o
 .debug_macro   0x0001863f       0x10 ./Application/User/Core/main.o
 .debug_macro   0x0001864f       0x1c ./Application/User/Core/main.o
 .debug_macro   0x0001866b       0x16 ./Application/User/Core/main.o
 .debug_macro   0x00018681      0x146 ./Application/User/Core/main.o
 .debug_macro   0x000187c7      0x155 ./Application/User/Core/stm32f4xx_it.o
 .debug_macro   0x0001891c      0x147 ./Application/User/Core/usart.o
 .debug_macro   0x00018a63       0xce ./Drivers/CMSIS/system_stm32f4xx.o
 .debug_macro   0x00018b31      0x110 ./Drivers/STM32F4xx_HAL_Driver/stm32f4xx_ll_gpio.o
 .debug_macro   0x00018c41      0x143 ./Drivers/STM32F4xx_HAL_Driver/stm32f4xx_ll_gpio.o
 .debug_macro   0x00018d84       0xfb ./Drivers/STM32F4xx_HAL_Driver/stm32f4xx_ll_rcc.o
 .debug_macro   0x00018e7f      0x13d ./Drivers/STM32F4xx_HAL_Driver/stm32f4xx_ll_usart.o
 .debug_macro   0x00018fbc      0x1b5 ./Drivers/STM32F4xx_HAL_Driver/stm32f4xx_ll_usart.o
 .debug_macro   0x00019171      0x781 ./Drivers/STM32F4xx_HAL_Driver/stm32f4xx_ll_usart.o
 .debug_macro   0x000198f2      0x1ae ./Drivers/STM32F4xx_HAL_Driver/stm32f4xx_ll_utils.o
 .debug_macro   0x00019aa0       0x5b ./Drivers/STM32F4xx_HAL_Driver/stm32f4xx_ll_utils.o

.debug_line     0x00000000     0x5296
 .debug_line    0x00000000      0x69a ./Application/User/Core/gpio.o
 .debug_line    0x0000069a      0xf14 ./Application/User/Core/main.o
 .debug_line    0x000015ae      0x870 ./Application/User/Core/stm32f4xx_it.o
 .debug_line    0x00001e1e      0x923 ./Application/User/Core/usart.o
 .debug_line    0x00002741       0x7a ./Application/User/Startup/startup_stm32f405rgtx.o
 .debug_line    0x000027bb      0x592 ./Drivers/CMSIS/system_stm32f4xx.o
 .debug_line    0x00002d4d      0x903 ./Drivers/STM32F4xx_HAL_Driver/stm32f4xx_ll_gpio.o
 .debug_line    0x00003650      0xa40 ./Drivers/STM32F4xx_HAL_Driver/stm32f4xx_ll_rcc.o
 .debug_line    0x00004090      0x7a9 ./Drivers/STM32F4xx_HAL_Driver/stm32f4xx_ll_usart.o
 .debug_line    0x00004839      0xa5d ./Drivers/STM32F4xx_HAL_Driver/stm32f4xx_ll_utils.o

.debug_str      0x00000000    0x8f6dc
 .debug_str     0x00000000    0x8f6dc ./Application/User/Core/gpio.o
                              0x88522 (size before relaxing)
 .debug_str     0x0008f6dc    0x8ca7f ./Application/User/Core/main.o
 .debug_str     0x0008f6dc    0x8851e ./Application/User/Core/stm32f4xx_it.o
 .debug_str     0x0008f6dc    0x88d0e ./Application/User/Core/usart.o
 .debug_str     0x0008f6dc       0x7d ./Application/User/Startup/startup_stm32f405rgtx.o
 .debug_str     0x0008f6dc    0x7e63c ./Drivers/CMSIS/system_stm32f4xx.o
 .debug_str     0x0008f6dc    0x7ff68 ./Drivers/STM32F4xx_HAL_Driver/stm32f4xx_ll_gpio.o
 .debug_str     0x0008f6dc    0x82b4e ./Drivers/STM32F4xx_HAL_Driver/stm32f4xx_ll_rcc.o
 .debug_str     0x0008f6dc    0x84896 ./Drivers/STM32F4xx_HAL_Driver/stm32f4xx_ll_usart.o
 .debug_str     0x0008f6dc    0x852e4 ./Drivers/STM32F4xx_HAL_Driver/stm32f4xx_ll_utils.o

.comment        0x00000000       0x43
 .comment       0x00000000       0x43 ./Application/User/Core/gpio.o
                                 0x44 (size before relaxing)
 .comment       0x00000043       0x44 ./Application/User/Core/main.o
 .comment       0x00000043       0x44 ./Application/User/Core/stm32f4xx_it.o
 .comment       0x00000043       0x44 ./Application/User/Core/usart.o
 .comment       0x00000043       0x44 ./Drivers/CMSIS/system_stm32f4xx.o
 .comment       0x00000043       0x44 ./Drivers/STM32F4xx_HAL_Driver/stm32f4xx_ll_gpio.o
 .comment       0x00000043       0x44 ./Drivers/STM32F4xx_HAL_Driver/stm32f4xx_ll_rcc.o
 .comment       0x00000043       0x44 ./Drivers/STM32F4xx_HAL_Driver/stm32f4xx_ll_usart.o
 .comment       0x00000043       0x44 ./Drivers/STM32F4xx_HAL_Driver/stm32f4xx_ll_utils.o

.debug_frame    0x00000000     0x16fc
 .debug_frame   0x00000000       0x84 ./Application/User/Core/gpio.o
 .debug_frame   0x00000084      0x4ac ./Application/User/Core/main.o
 .debug_frame   0x00000530      0x23c ./Application/User/Core/stm32f4xx_it.o
 .debug_frame   0x0000076c      0x22c ./Application/User/Core/usart.o
 .debug_frame   0x00000998       0x58 ./Drivers/CMSIS/system_stm32f4xx.o
 .debug_frame   0x000009f0      0x1c0 ./Drivers/STM32F4xx_HAL_Driver/stm32f4xx_ll_gpio.o
 .debug_frame   0x00000bb0      0x460 ./Drivers/STM32F4xx_HAL_Driver/stm32f4xx_ll_rcc.o
 .debug_frame   0x00001010      0x240 ./Drivers/STM32F4xx_HAL_Driver/stm32f4xx_ll_usart.o
 .debug_frame   0x00001250      0x3f8 ./Drivers/STM32F4xx_HAL_Driver/stm32f4xx_ll_utils.o
 .debug_frame   0x00001648       0x2c D:/ST/STM32CubeIDE_1.19.0/STM32CubeIDE/plugins/com.st.stm32cube.ide.mcu.externaltools.gnu-tools-for-stm32.13.3.rel1.win32_1.0.0.202411081344/tools/bin/../lib/gcc/arm-none-eabi/13.3.1/../../../../arm-none-eabi/lib/thumb/v7e-m+fp/hard\libc_nano.a(libc_a-init.o)
 .debug_frame   0x00001674       0x28 D:/ST/STM32CubeIDE_1.19.0/STM32CubeIDE/plugins/com.st.stm32cube.ide.mcu.externaltools.gnu-tools-for-stm32.13.3.rel1.win32_1.0.0.202411081344/tools/bin/../lib/gcc/arm-none-eabi/13.3.1/../../../../arm-none-eabi/lib/thumb/v7e-m+fp/hard\libc_nano.a(libc_a-memcpy-stub.o)
 .debug_frame   0x0000169c       0x2c D:/ST/STM32CubeIDE_1.19.0/STM32CubeIDE/plugins/com.st.stm32cube.ide.mcu.externaltools.gnu-tools-for-stm32.13.3.rel1.win32_1.0.0.202411081344/tools/bin/../lib/gcc/arm-none-eabi/13.3.1/thumb/v7e-m+fp/hard\libgcc.a(_aeabi_uldivmod.o)
 .debug_frame   0x000016c8       0x34 D:/ST/STM32CubeIDE_1.19.0/STM32CubeIDE/plugins/com.st.stm32cube.ide.mcu.externaltools.gnu-tools-for-stm32.13.3.rel1.win32_1.0.0.202411081344/tools/bin/../lib/gcc/arm-none-eabi/13.3.1/thumb/v7e-m+fp/hard\libgcc.a(_udivmoddi4.o)

.debug_line_str
                0x00000000       0x61
 .debug_line_str
                0x00000000       0x61 ./Application/User/Startup/startup_stm32f405rgtx.o
